MPLINK 4.49, Linker
Linker Map File - Created Tue Sep 03 21:43:46 2024

                                 Section Info
                  Section       Type    Address   Location Size(Bytes)
                ---------  ---------  ---------  ---------  ---------
                   .org_0       code   0x000000    program   0x000000
                   .org_1       code   0x000000    program   0x000002
                   .org_2       code   0x000005    program   0x000028
.config_2007_PULSA Y SE APAGA.O       code   0x002007    program   0x000002



                              Program Memory Usage 
                               Start         End      
                           ---------   ---------      
                            0x000000    0x000000      
                            0x000005    0x000018      
                            0x002007    0x002007      
            22 out of 8454 program addresses used, program memory utilization is 0%



                              Symbols - Sorted by Name
                     Name    Address   Location    Storage File                     
                ---------  ---------  ---------  --------- ---------                
                   APAGAR   0x000016    program     static C:\Users\USUARIO\Desktop\CLASE 3\PULSA Y SE APAGA.asm
               CONFIGURAR   0x000005    program     static C:\Users\USUARIO\Desktop\CLASE 3\PULSA Y SE APAGA.asm
                     MAIN   0x000011    program     static C:\Users\USUARIO\Desktop\CLASE 3\PULSA Y SE APAGA.asm



                              Symbols - Sorted by Address
                     Name    Address   Location    Storage File                     
                ---------  ---------  ---------  --------- ---------                
               CONFIGURAR   0x000005    program     static C:\Users\USUARIO\Desktop\CLASE 3\PULSA Y SE APAGA.asm
                     MAIN   0x000011    program     static C:\Users\USUARIO\Desktop\CLASE 3\PULSA Y SE APAGA.asm
                   APAGAR   0x000016    program     static C:\Users\USUARIO\Desktop\CLASE 3\PULSA Y SE APAGA.asm


